; C64PY — PRG Hex Dump  (235 byte)
; Load addr: $0801
; Code start: $080D

+0000  $01 $08 $0B $08 $0A $00 $9E $32  .......2
+0008  $30 $36 $31 $00 $00 $00 $20 $15  061... .
+0010  $08 $20 $5C $08 $20 $33 $08 $4C  . \. 3.L
+0018  $13 $08 $A9 $20 $A2 $00 $9D $00  ... ....
+0020  $04 $9D $00 $05 $9D $00 $06 $9D  ........
+0028  $00 $07 $E8 $D0 $ED $A9 $00 $8D  ........
+0030  $20 $D0 $8D $21 $D0 $60 $78 $A9   ..!.`x.
+0038  $7F $8D $0D $DC $AD $0D $DC $A9  ........
+0040  $01 $8D $1A $D0 $A9 $52 $8D $14  .....R..
+0048  $03 $A9 $08 $8D $15 $03 $A9 $00  ........
+0050  $8D $12 $D0 $AD $11 $D0 $29 $7F  ......).
+0058  $8D $11 $D0 $58 $60 $EE $20 $D0  ...X`. .
+0060  $20 $8F $08 $CE $20 $D0 $0E $19   ... ...
+0068  $D0 $4C $31 $EA $A9 $A0 $85 $02  .L1.....
+0070  $A9 $64 $85 $03 $A9 $01 $8D $15  .d......
+0078  $D0 $A9 $80 $8D $F8 $07 $60 $20  ......`
+0080  $78 $08 $A5 $02 $8D $00 $D0 $A5  x.......
+0088  $03 $8D $01 $D0 $60 $AD $00 $DC  ....`...
+0090  $4A $90 $ED $C6 $03 $4A $90 $ED  J....J..
+0098  $E6 $03 $4A $90 $ED $C6 $02 $4A  ..J....J
+00A0  $90 $ED $E6 $02 $60 $E6 $04 $20  ....`..
+00A8  $6D $08 $60 $FF $FF $FF $FF $FF  m.`.....
+00B0  $FF $FF $FF $FF $FF $FF $FF $FF  ........
+00B8  $FF $FF $FF $FF $FF $FF $FF $FF  ........
+00C0  $FF $FF $FF $FF $FF $FF $FF $FF  ........
+00C8  $FF $FF $FF $FF $FF $FF $FF $FF  ........
+00D0  $FF $FF $FF $FF $FF $FF $FF $FF  ........
+00D8  $FF $FF $FF $FF $FF $FF $FF $FF  ........
+00E0  $FF $FF $FF $FF $FF $FF $FF $FF  ........
+00E8  $FF $FF $FF                    ...

LOAD "file",8,1
SYS 2061